
  OWA STORM WATER MANAGEMENT MODEL - VERSION v5.1.14 (OWA 2022-04-05)
  --------------------------------------------------------------

  
  *********************************************************
  NOTE: The summary statistics displayed in this report are
  based on results found at every computational time step,  
  not just on results from each reporting time step.
  *********************************************************
  
  ****************
  Analysis Options
  ****************
  Flow Units ............... CMS
  Process Models:
    Rainfall/Runoff ........ NO
    RDII ................... NO
    Snowmelt ............... NO
    Groundwater ............ NO
    Flow Routing ........... YES
    Ponding Allowed ........ NO
    Water Quality .......... YES
  Flow Routing Method ...... KINWAVE
  Starting Date ............ 01/27/2020 00:00:00
  Ending Date .............. 01/27/2020 00:30:00
  Antecedent Dry Days ...... 0.0
  Report Time Step ......... 00:00:01
  Routing Time Step ........ 1.00 sec
  
  
  **************************        Volume        Volume
  Flow Routing Continuity        hectare-m      10^6 ltr
  **************************     ---------     ---------
  Dry Weather Inflow .......         0.000         0.000
  Wet Weather Inflow .......         0.000         0.000
  Groundwater Inflow .......         0.000         0.000
  RDII Inflow ..............         0.000         0.000
  External Inflow ..........         0.900         8.997
  External Outflow .........         0.887         8.870
  Flooding Loss ............         0.000         0.000
  Evaporation Loss .........         0.000         0.000
  Exfiltration Loss ........         0.000         0.000
  Initial Stored Volume ....         0.000         0.000
  Final Stored Volume ......         0.013         0.127
  Continuity Error (%) .....        -0.003
  
  
  **************************            P1
  Quality Routing Continuity            kg
  **************************    ----------
  Dry Weather Inflow .......         0.000
  Wet Weather Inflow .......         0.000
  Groundwater Inflow .......         0.000
  RDII Inflow ..............         0.000
  External Inflow ..........        89.965
  External Outflow .........        88.695
  Flooding Loss ............         0.000
  Exfiltration Loss ........         0.000
  Mass Reacted .............         0.000
  Initial Stored Mass ......         0.000
  Final Stored Mass ........         1.273
  Continuity Error (%) .....        -0.003
  
  
  ********************************
  Highest Flow Instability Indexes
  ********************************
  All links are stable.
  
  
  *************************
  Routing Time Step Summary
  *************************
  Minimum Time Step           :     1.00 sec
  Average Time Step           :     1.00 sec
  Maximum Time Step           :     1.00 sec
  Percent in Steady State     :     0.00
  Average Iterations per Step :     1.00
  Percent Not Converging      :     0.00
  
  
  ******************
  Node Depth Summary
  ******************
  
  ---------------------------------------------------------------------------------
                                 Average  Maximum  Maximum  Time of Max    Reported
                                   Depth    Depth      HGL   Occurrence   Max Depth
  Node                 Type       Meters   Meters   Meters  days hr:min      Meters
  ---------------------------------------------------------------------------------
  Outfall              OUTFALL      0.00     0.00     0.00     0  00:00        0.00
  Tank                 STORAGE      1.25     1.27    11.27     0  00:26        1.27
  
  
  *******************
  Node Inflow Summary
  *******************
  
  -------------------------------------------------------------------------------------------------
                                  Maximum  Maximum                  Lateral       Total        Flow
                                  Lateral    Total  Time of Max      Inflow      Inflow     Balance
                                   Inflow   Inflow   Occurrence      Volume      Volume       Error
  Node                 Type           CMS      CMS  days hr:min    10^6 ltr    10^6 ltr     Percent
  -------------------------------------------------------------------------------------------------
  Outfall              OUTFALL      0.000    5.000     0  00:26           0        8.87       0.000
  Tank                 STORAGE      5.000    5.000     0  00:00           9           9      -0.003
  
  
  *********************
  Node Flooding Summary
  *********************
  
  No nodes were flooded.
  
  
  **********************
  Storage Volume Summary
  **********************
  
  --------------------------------------------------------------------------------------------------
                         Average     Avg  Evap Exfil       Maximum     Max    Time of Max    Maximum
                          Volume    Pcnt  Pcnt  Pcnt        Volume    Pcnt     Occurrence    Outflow
  Storage Unit           1000 m3    Full  Loss  Loss       1000 m3    Full    days hr:min        CMS
  --------------------------------------------------------------------------------------------------
  Tank                     0.125      25     0     0         0.127      25       0  00:26      5.000
  
  
  ***********************
  Outfall Loading Summary
  ***********************
  
  -------------------------------------------------------------------------
                         Flow       Avg       Max       Total         Total
                         Freq      Flow      Flow      Volume            P1
  Outfall Node           Pcnt       CMS       CMS    10^6 ltr            kg
  -------------------------------------------------------------------------
  Outfall              100.00     4.929     5.000       8.869        88.720
  -------------------------------------------------------------------------
  System               100.00     4.929     5.000       8.869        88.720
  
  
  ********************
  Link Flow Summary
  ********************
  
  -----------------------------------------------------------------------------
                                 Maximum  Time of Max   Maximum    Max/    Max/
                                  |Flow|   Occurrence   |Veloc|    Full    Full
  Link                 Type          CMS  days hr:min     m/sec    Flow   Depth
  -----------------------------------------------------------------------------
  Valve                ORIFICE     5.000     0  00:26                          
  
  
  *************************
  Conduit Surcharge Summary
  *************************
  
  No conduits were surcharged.
  
  
  ***************************
  Link Pollutant Load Summary
  ***************************
  
  ----------------------------------
                                  P1
  Link                            kg
  ----------------------------------
  Valve                       88.720
  

  Analysis begun on:  Thu Apr  7 15:57:02 2022
  Analysis ended on:  Thu Apr  7 15:57:02 2022
  Total elapsed time: < 1 sec